ssd_1309.c:32:7:SSD1309_init	8	static
ssd_1309.c:75:9:LL_GPIO_WriteOutputPort	16	static
ssd_1309.c:88:7:Reset_ssd1309	8	static
ssd_1309.c:102:7:SendCommand	16	static
ssd_1309.c:117:7:SendData	16	static
ssd_1309.c:132:7:Init_sector	24	static
ssd_1309.c:150:9:Output_String_TimesNewRoman	16	static
ssd_1309.c:169:9:Output_Char_TimesNewRoman	32	static
ssd_1309.c:241:6:Output_String_Arial	16	static
ssd_1309.c:260:6:Output_Char_Arial	32	static
ssd_1309.c:346:7:Output_String_16pt	16	static
ssd_1309.c:366:8:Output_Char_16pt	24	static
ssd_1309.c:391:8:SSD1309_GotoXY	16	static
ssd_1309.c:404:15:SetPixel	16	static
ssd_1309.c:421:8:SSD1309_ClearScreen	16	static
ssd_1309.c:430:8:SSD1309_Fill	8	static
ssd_1309.c:435:8:SSD1309_Clear	8	static
ssd_1309.c:448:8:SSD1309_UpdateScreen	16	static
ssd_1309.c:456:9:SSD1309_UpdateScreen_1	16	static
ssd_1309.c:486:8:Cursor_Screen	16	static
ssd_1309.c:515:8:SSD1309_WriteString	16	static
ssd_1309.c:542:8:SSD1309_WriteChar	24	static
ssd_1309.c:580:8:SSD1309_DrawFilledRect	32	static
ssd_1309.c:598:10:ssd1309_DrawCircle	32	static
