ssd_1309.c:30:7:SSD1309_init	8	static
ssd_1309.c:72:9:LL_GPIO_WriteOutputPort	16	static
ssd_1309.c:85:7:Reset_ssd1309	8	static
ssd_1309.c:99:7:SendCommand	16	static
ssd_1309.c:114:7:SendData	16	static
ssd_1309.c:130:7:Clear_Screen	16	static
ssd_1309.c:151:8:Clear_Sector_x_y	32	static
ssd_1309.c:177:7:Init_sector	24	static
ssd_1309.c:195:9:Output_String_TimesNewRoman	16	static
ssd_1309.c:208:9:Output_Char_TimesNewRoman	32	static
ssd_1309.c:275:7:Output_String_16pt	16	static
ssd_1309.c:295:8:Output_Char_16pt	24	static
ssd_1309.c:320:8:SSD1309_GotoXY	16	static
ssd_1309.c:333:15:SetPixel	16	static
ssd_1309.c:350:8:SSD1309_ClearScreen	16	static
ssd_1309.c:366:8:SSD1309_UpdateScreen	16	static
ssd_1309.c:381:8:Cursor_Screen	16	static
ssd_1309.c:401:8:SSD1309_WriteString	16	static
ssd_1309.c:428:8:SSD1309_WriteChar	24	static
ssd_1309.c:466:8:SSD1309_DrawFilledRect	32	static
ssd_1309.c:484:10:ssd1309_DrawCircle	32	static
