ssd_1309.c:27:7:SSD1309_init	8	static
ssd_1309.c:98:9:LL_GPIO_WriteOutputPort	16	static
ssd_1309.c:111:7:Reset_ssd1309	8	static
ssd_1309.c:125:7:SendCommand	16	static
ssd_1309.c:140:7:SendData	16	static
ssd_1309.c:156:7:Clear_Screen	16	static
ssd_1309.c:177:8:Clear_Sector_x_y	32	static
ssd_1309.c:203:7:Init_sector	24	static
ssd_1309.c:220:7:Output_Char_16pt	24	static
ssd_1309.c:245:7:Output_Char_8pt	24	static
ssd_1309.c:270:7:Output_Char_14pt	24	static
ssd_1309.c:296:7:Output_String_16pt	16	static
ssd_1309.c:316:7:Output_String_8pt	16	static
ssd_1309.c:336:8:Output_String_14pt	16	static
ssd_1309.c:349:8:SSD1309_DrawFilledRect	32	static
ssd_1309.c:360:15:SetPixel	16	static
ssd_1309.c:370:8:SSD1309_ClearScreen	16	static
ssd_1309.c:379:8:SSD1309_UpdateScreen	16	static
ssd_1309.c:388:8:Cursor_Screen	16	static
