ssd_1309.c:30:7:SSD1309_init	8	static
ssd_1309.c:72:9:LL_GPIO_WriteOutputPort	16	static
ssd_1309.c:85:7:Reset_ssd1309	8	static
ssd_1309.c:99:7:SendCommand	16	static
ssd_1309.c:114:7:SendData	16	static
ssd_1309.c:130:7:Clear_Screen	16	static
ssd_1309.c:151:8:Clear_Sector_x_y	32	static
ssd_1309.c:177:7:Init_sector	24	static
ssd_1309.c:194:7:Output_Char_16pt	24	static
ssd_1309.c:219:7:Output_Char_14pt	40	static
ssd_1309.c:256:7:Output_Char_TimesNewRoman	32	static
ssd_1309.c:328:7:Output_Char_8pt	24	static
ssd_1309.c:354:7:Output_String_16pt	16	static
ssd_1309.c:374:7:Output_String_8pt	16	static
ssd_1309.c:394:8:Output_String_14pt	16	static
ssd_1309.c:415:10:Output_String_TimesNewRoman	16	static
ssd_1309.c:435:8:SSD1309_DrawFilledRect	32	static
ssd_1309.c:453:8:SSD1309_GotoXY	16	static
ssd_1309.c:466:15:SetPixel	16	static
ssd_1309.c:483:8:SSD1309_ClearScreen	16	static
ssd_1309.c:499:8:SSD1309_UpdateScreen	16	static
ssd_1309.c:514:8:Cursor_Screen	16	static
ssd_1309.c:534:8:SSD1309_WriteString	16	static
ssd_1309.c:561:8:SSD1309_WriteChar	24	static
ssd_1309.c:599:10:ssd1309_DrawCircle	32	static
