ssd_1309.c:28:7:SSD1309_init	8	static
ssd_1309.c:66:9:LL_GPIO_WriteOutputPort	16	static
ssd_1309.c:79:7:Reset_ssd1309	8	static
ssd_1309.c:93:7:SendCommand	16	static
ssd_1309.c:108:7:SendData	16	static
ssd_1309.c:124:7:Clear_Screen	16	static
ssd_1309.c:145:8:Clear_Sector_x_y	32	static
ssd_1309.c:171:7:Init_sector	24	static
ssd_1309.c:188:7:Output_Char_16pt	24	static
ssd_1309.c:213:7:Output_Char_8pt	24	static
ssd_1309.c:238:7:Output_Char_14pt	24	static
ssd_1309.c:274:7:Output_String_16pt	16	static
ssd_1309.c:294:7:Output_String_8pt	16	static
ssd_1309.c:314:8:Output_String_14pt	16	static
ssd_1309.c:327:8:SSD1309_DrawFilledRect	32	static
ssd_1309.c:338:15:SetPixel	16	static
ssd_1309.c:348:8:SSD1309_ClearScreen	16	static
ssd_1309.c:357:8:SSD1309_UpdateScreen	16	static
ssd_1309.c:366:8:Cursor_Screen	16	static
ssd_1309.c:379:8:SSD1309_WriteString	24	static
ssd_1309.c:396:8:SSD1309_WriteChar	32	static
