ssd_1309.c:29:7:SSD1309_init	8	static
ssd_1309.c:71:9:LL_GPIO_WriteOutputPort	16	static
ssd_1309.c:84:7:Reset_ssd1309	8	static
ssd_1309.c:98:7:SendCommand	16	static
ssd_1309.c:113:7:SendData	16	static
ssd_1309.c:129:7:Clear_Screen	16	static
ssd_1309.c:150:8:Clear_Sector_x_y	32	static
ssd_1309.c:176:7:Init_sector	24	static
ssd_1309.c:193:7:Output_Char_16pt	24	static
ssd_1309.c:218:7:Output_Char_14pt	32	static
ssd_1309.c:286:7:Output_Char_8pt	24	static
ssd_1309.c:312:7:Output_String_16pt	16	static
ssd_1309.c:332:7:Output_String_8pt	16	static
ssd_1309.c:352:8:Output_String_14pt	16	static
ssd_1309.c:365:8:SSD1309_DrawFilledRect	32	static
ssd_1309.c:376:15:SetPixel	16	static
ssd_1309.c:386:8:SSD1309_ClearScreen	16	static
ssd_1309.c:395:8:SSD1309_UpdateScreen	16	static
ssd_1309.c:404:8:Cursor_Screen	16	static
ssd_1309.c:462:8:SSD1309_WriteString	16	static
ssd_1309.c:479:10:SSD1309_WriteChar	24	static
ssd_1309.c:511:10:SSD1306_GotoXY	16	static
ssd_1309.c:517:10:ssd1306_DrawCircle	32	static
