ssd_1309.c:39:7:SSD1309_init	8	static
ssd_1309.c:114:9:LL_GPIO_WriteOutputPort	16	static
ssd_1309.c:127:7:Reset_ssd1309	8	static
ssd_1309.c:141:7:SendCommand	16	static
ssd_1309.c:156:7:SendData	16	static
ssd_1309.c:172:7:Clear_Screen	16	static
ssd_1309.c:193:8:Clear_Sector_x_y	32	static
ssd_1309.c:219:7:Init_sector	24	static
ssd_1309.c:236:7:Output_Char_16pt	24	static
ssd_1309.c:261:7:Output_Char_8pt	24	static
ssd_1309.c:286:7:Output_Char_14pt	24	static
ssd_1309.c:322:7:Output_String_16pt	16	static
ssd_1309.c:342:7:Output_String_8pt	16	static
ssd_1309.c:362:8:Output_String_14pt	16	static
ssd_1309.c:375:8:SSD1309_DrawFilledRect	32	static
ssd_1309.c:386:15:SetPixel	16	static
ssd_1309.c:396:8:SSD1309_ClearScreen	16	static
ssd_1309.c:405:8:SSD1309_UpdateScreen	16	static
ssd_1309.c:414:8:Cursor_Screen	16	static
ssd_1309.c:479:8:SSD1306_WriteChar	32	static
ssd_1309.c:500:8:SSD1306_DrawPixel	16	static
ssd_1309.c:522:8:SSD1306_WriteString	48	static
