ssd_1309.c:29:7:SSD1309_init	8	static
ssd_1309.c:71:9:LL_GPIO_WriteOutputPort	16	static
ssd_1309.c:84:7:Reset_ssd1309	8	static
ssd_1309.c:98:7:SendCommand	16	static
ssd_1309.c:113:7:SendData	16	static
ssd_1309.c:129:7:Clear_Screen	16	static
ssd_1309.c:150:8:Clear_Sector_x_y	32	static
ssd_1309.c:176:7:Init_sector	24	static
ssd_1309.c:193:7:Output_Char_16pt	24	static
ssd_1309.c:218:7:Output_Char_14pt	40	static
ssd_1309.c:291:7:Output_Char_8pt	24	static
ssd_1309.c:317:7:Output_String_16pt	16	static
ssd_1309.c:337:7:Output_String_8pt	16	static
ssd_1309.c:357:8:Output_String_14pt	16	static
ssd_1309.c:370:8:SSD1309_DrawFilledRect	32	static
ssd_1309.c:381:15:SetPixel	16	static
ssd_1309.c:391:8:SSD1309_ClearScreen	16	static
ssd_1309.c:400:8:SSD1309_UpdateScreen	16	static
ssd_1309.c:409:8:Cursor_Screen	16	static
ssd_1309.c:467:8:SSD1309_WriteString	16	static
ssd_1309.c:484:10:SSD1309_WriteChar	24	static
ssd_1309.c:516:10:SSD1306_GotoXY	16	static
ssd_1309.c:522:10:ssd1306_DrawCircle	32	static
