ssd_1309.c:25:7:Reset_ssd1309	8	static
ssd_1309.c:41:7:SendCommand	16	static
ssd_1309.c:58:7:SendData	16	static
ssd_1309.c:76:6:SSD1309_init	8	static
ssd_1309.c:117:13:SetPixel	16	static
ssd_1309.c:134:7:SSD1309_UpdateScreen	16	static
ssd_1309.c:157:6:SSD1309_Clear	8	static
ssd_1309.c:169:6:SSD1309_GotoXY	16	static
ssd_1309.c:183:9:Output_String_TimesNewRoman	16	static
ssd_1309.c:202:9:Output_Char_TimesNewRoman	32	static
ssd_1309.c:274:6:Output_String_Arial	16	static
ssd_1309.c:293:6:Output_Char_Arial	32	static
ssd_1309.c:383:6:SSD1309_DrawFilledRect	32	static
ssd_1309.c:402:6:ssd1309_DrawCircle	32	static
