ssd_1309.c:32:7:SSD1309_init	8	static
ssd_1309.c:75:9:LL_GPIO_WriteOutputPort	16	static
ssd_1309.c:88:7:Reset_ssd1309	8	static
ssd_1309.c:102:7:SendCommand	16	static
ssd_1309.c:117:7:SendData	16	static
ssd_1309.c:132:7:Init_sector	24	static
ssd_1309.c:150:9:Output_String_TimesNewRoman	16	static
ssd_1309.c:169:9:Output_Char_TimesNewRoman	32	static
ssd_1309.c:241:6:Output_String_Arial	16	static
ssd_1309.c:260:6:Output_Char_Arial	32	static
ssd_1309.c:350:7:Output_String_16pt	16	static
ssd_1309.c:370:8:Output_Char_16pt	24	static
ssd_1309.c:395:8:SSD1309_GotoXY	16	static
ssd_1309.c:408:15:SetPixel	16	static
ssd_1309.c:425:8:SSD1309_ClearScreen	16	static
ssd_1309.c:434:8:SSD1309_Fill	8	static
ssd_1309.c:439:8:SSD1309_Clear	8	static
ssd_1309.c:452:8:SSD1309_UpdateScreen	16	static
ssd_1309.c:460:9:SSD1309_UpdateScreen_1	16	static
ssd_1309.c:490:8:Cursor_Screen	16	static
ssd_1309.c:519:8:SSD1309_WriteString	16	static
ssd_1309.c:546:8:SSD1309_WriteChar	24	static
ssd_1309.c:584:8:SSD1309_DrawFilledRect	32	static
ssd_1309.c:602:10:ssd1309_DrawCircle	32	static
