ssd_1309.c:28:7:SSD1309_init	8	static
ssd_1309.c:103:9:LL_GPIO_WriteOutputPort	16	static
ssd_1309.c:116:7:Reset_ssd1309	8	static
ssd_1309.c:130:7:SendCommand	16	static
ssd_1309.c:145:7:SendData	16	static
ssd_1309.c:161:7:Clear_Screen	16	static
ssd_1309.c:182:8:Clear_Sector_x_y	32	static
ssd_1309.c:208:7:Init_sector	24	static
ssd_1309.c:225:7:Output_Char_16pt	24	static
ssd_1309.c:250:7:Output_Char_8pt	24	static
ssd_1309.c:275:7:Output_Char_14pt	24	static
ssd_1309.c:310:7:Output_String_16pt	16	static
ssd_1309.c:330:7:Output_String_8pt	16	static
ssd_1309.c:350:8:Output_String_14pt	16	static
ssd_1309.c:363:8:SSD1309_DrawFilledRect	32	static
ssd_1309.c:374:15:SetPixel	16	static
ssd_1309.c:384:8:SSD1309_ClearScreen	16	static
ssd_1309.c:393:8:SSD1309_UpdateScreen	16	static
ssd_1309.c:402:8:Cursor_Screen	16	static
ssd_1309.c:420:8:ssd1306_WriteChar	32	static
ssd_1309.c:451:8:ssd1306_WriteString	24	static
ssd_1309.c:468:8:ssd1306_SetCursor	16	static
