ssd_1309.c:31:7:SSD1309_init	8	static
ssd_1309.c:73:9:LL_GPIO_WriteOutputPort	16	static
ssd_1309.c:86:7:Reset_ssd1309	8	static
ssd_1309.c:100:7:SendCommand	16	static
ssd_1309.c:115:7:SendData	16	static
ssd_1309.c:131:7:Clear_Screen	16	static
ssd_1309.c:152:8:Clear_Sector_x_y	32	static
ssd_1309.c:178:7:Init_sector	24	static
ssd_1309.c:195:7:Output_Char_16pt	24	static
ssd_1309.c:220:7:Output_Char_14pt	32	static
ssd_1309.c:281:7:Output_Char_8pt	24	static
ssd_1309.c:307:7:Output_String_16pt	16	static
ssd_1309.c:327:7:Output_String_8pt	16	static
ssd_1309.c:347:8:Output_String_14pt	16	static
ssd_1309.c:360:8:SSD1309_DrawFilledRect	32	static
ssd_1309.c:371:15:SetPixel	16	static
ssd_1309.c:381:8:SSD1309_ClearScreen	16	static
ssd_1309.c:390:8:SSD1309_UpdateScreen	16	static
ssd_1309.c:399:8:Cursor_Screen	16	static
ssd_1309.c:457:8:SSD1309_WriteString	16	static
ssd_1309.c:510:10:SSD1309_WriteChar_x_y	24	static
ssd_1309.c:532:10:SSD1306_GotoXY	16	static
ssd_1309.c:538:10:ssd1306_DrawCircle	32	static
