ssd_1309.c:28:7:SSD1309_init	8	static
ssd_1309.c:69:9:LL_GPIO_WriteOutputPort	16	static
ssd_1309.c:82:7:Reset_ssd1309	8	static
ssd_1309.c:96:7:SendCommand	16	static
ssd_1309.c:111:7:SendData	16	static
ssd_1309.c:127:7:Clear_Screen	16	static
ssd_1309.c:148:8:Clear_Sector_x_y	32	static
ssd_1309.c:174:7:Init_sector	24	static
ssd_1309.c:191:7:Output_Char_16pt	24	static
ssd_1309.c:216:7:Output_Char_14pt	40	static
ssd_1309.c:279:7:Output_Char_8pt	24	static
ssd_1309.c:305:7:Output_String_16pt	16	static
ssd_1309.c:325:7:Output_String_8pt	16	static
ssd_1309.c:345:8:Output_String_14pt	16	static
ssd_1309.c:358:8:SSD1309_DrawFilledRect	32	static
ssd_1309.c:369:15:SetPixel	16	static
ssd_1309.c:379:8:SSD1309_ClearScreen	16	static
ssd_1309.c:388:8:SSD1309_UpdateScreen	16	static
ssd_1309.c:397:8:Cursor_Screen	16	static
ssd_1309.c:455:8:SSD1309_WriteString	16	static
ssd_1309.c:471:10:SSD1309_WriteChar	24	static
ssd_1309.c:500:10:SSD1306_GotoXY	16	static
ssd_1309.c:506:10:ssd1306_DrawCircle	32	static
