ssd_1309.c:26:7:SSD1309_init	8	static
ssd_1309.c:58:9:LL_GPIO_WriteOutputPort	16	static
ssd_1309.c:71:7:Reset_ssd1309	8	static
ssd_1309.c:85:7:SendCommand	16	static
ssd_1309.c:100:7:SendData	16	static
ssd_1309.c:116:7:Clear_Screen	16	static
ssd_1309.c:137:8:Clear_Sector_x_y	32	static
ssd_1309.c:163:7:Init_sector	24	static
ssd_1309.c:180:7:Output_Char_16pt	24	static
ssd_1309.c:205:7:Output_Char_8pt	24	static
ssd_1309.c:230:7:Output_Char_14pt	24	static
ssd_1309.c:256:7:Output_String_16pt	16	static
ssd_1309.c:276:7:Output_String_8pt	16	static
ssd_1309.c:296:8:Output_String_14pt	16	static
