ssd_1309.c:30:7:SSD1309_init	8	static
ssd_1309.c:72:9:LL_GPIO_WriteOutputPort	16	static
ssd_1309.c:85:7:Reset_ssd1309	8	static
ssd_1309.c:99:7:SendCommand	16	static
ssd_1309.c:114:7:SendData	16	static
ssd_1309.c:129:7:Init_sector	24	static
ssd_1309.c:147:9:Output_String_TimesNewRoman	16	static
ssd_1309.c:166:9:Output_Char_TimesNewRoman	32	static
ssd_1309.c:233:7:Output_String_16pt	16	static
ssd_1309.c:253:8:Output_Char_16pt	24	static
ssd_1309.c:278:8:SSD1309_GotoXY	16	static
ssd_1309.c:291:15:SetPixel	16	static
ssd_1309.c:308:8:SSD1309_ClearScreen	16	static
ssd_1309.c:324:8:SSD1309_UpdateScreen	16	static
ssd_1309.c:360:8:Cursor_Screen	16	static
ssd_1309.c:389:8:SSD1309_WriteString	16	static
ssd_1309.c:416:8:SSD1309_WriteChar	24	static
ssd_1309.c:454:8:SSD1309_DrawFilledRect	32	static
ssd_1309.c:472:10:ssd1309_DrawCircle	32	static
